// Jest Snapshot v1, https://goo.gl/fbAQLP

exports[`renders correctly 1`] = `"<div class=\\"ui fluid container\\"><div><div class=\\"ui secondary menu\\"><div class=\\"left header item\\"><a href=\\"/\\"><img src=\\"logo.png\\" width=\\"100px\\" class=\\"ui image\\"></a></div><div class=\\"item header-right\\"><button class=\\"ui basic button\\">Giriş Yap</button></div><div class=\\"item header-right\\">yada</div><div class=\\"item header-right\\"><button class=\\"ui green basic button\\">Kayıt Ol</button></div></div><div class=\\"ui divider\\"></div></div><div class=\\"ui active transition visible inverted dimmer\\" style=\\"display: flex;\\"><div class=\\"content\\"><div class=\\"ui inverted text loader\\">Yükleniyor</div></div></div></div>"`;
